Resolving dependencies...
Downloading packages...
  cli_util 0.4.2 (0.5.1 available)
  flutter_launcher_icons 0.13.1 (0.14.4 available)
  matcher 0.12.19 (0.12.20 available)
  meta 1.17.0 (1.18.2 available)
  package_info_plus 9.0.1 (10.1.0 available)
  package_info_plus_platform_interface 3.2.1 (4.1.0 available)
  test_api 0.7.10 (0.7.12 available)
  vector_math 2.2.0 (2.3.0 available)
  wakelock_plus 1.5.2 (1.6.1 available)
  web 0.5.1 (1.1.1 available)
  web_socket_channel 2.4.5 (3.0.3 available)
  win32 5.15.0 (6.2.0 available)
  xml 6.6.1 (7.0.1 available)
Got dependencies!
13 packages have newer versions incompatible with dependency constraints.
Try `flutter pub outdated` for more information.
